odin version dev-2026-09-nightly:a2fb372
Soft limit exceeded (wrap when convenient):
  src/engine_dml.odin:117: 100 columns (soft limit 99)
  tests/test_engine_regressions.odin:157: 104 columns (soft limit 99)
  tests/test_mutation.odin:57: 105 columns (soft limit 99)
  sim/simulation.odin:155: 101 columns (soft limit 99)
  sim/simulation.odin:275: 101 columns (soft limit 99)
  bench/main.odin:20: 101 columns (soft limit 99)
  bench/profile.odin:80: 101 columns (soft limit 99)
  bench/profile.odin:155: 100 columns (soft limit 99)
  examples/multimaster_search.odin:11: 101 columns (soft limit 99)
PASS style: files <= 1408 lines, lines <= 108 columns, procedures <= 70 logic lines
PASS style: Zen constraints, vet, strict style
[INFO ] --- [2026-09-22 08:27:45] Starting test runner with 16 threads. Set with -define:ODIN_TEST_THREADS=n.
[INFO ] --- [2026-09-22 08:27:45] The random seed sent to every test is: 17661356976119232. Set with -define:ODIN_TEST_RANDOM_SEED=n.
[INFO ] --- [2026-09-22 08:27:45] Memory tracking is enabled. Tests will log their memory usage if there's an issue.
[INFO ] --- [2026-09-22 08:27:45] < Final Mem/ Total Mem> <  Peak Mem> (#Free/Alloc) :: [package.test_name]

Finished 34 tests in 14.590933ms. All tests were successful.

PASS unit tests (-debug)
[INFO ] --- [2026-09-22 08:27:47] Starting test runner with 16 threads. Set with -define:ODIN_TEST_THREADS=n.
[INFO ] --- [2026-09-22 08:27:47] The random seed sent to every test is: 17661362867202528. Set with -define:ODIN_TEST_RANDOM_SEED=n.
[INFO ] --- [2026-09-22 08:27:47] Memory tracking is enabled. Tests will log their memory usage if there's an issue.
[INFO ] --- [2026-09-22 08:27:47] < Final Mem/ Total Mem> <  Peak Mem> (#Free/Alloc) :: [package.test_name]

Finished 79 tests in 8.020022ms. All tests were successful.

PASS pinned upstream tests (-debug)
[INFO ] --- [2026-09-22 08:28:17] Starting test runner with 16 threads. Set with -define:ODIN_TEST_THREADS=n.
[INFO ] --- [2026-09-22 08:28:17] The random seed sent to every test is: 17661457709525248. Set with -define:ODIN_TEST_RANDOM_SEED=n.
[INFO ] --- [2026-09-22 08:28:17] Memory tracking is enabled. Tests will log their memory usage if there's an issue.
[INFO ] --- [2026-09-22 08:28:17] < Final Mem/ Total Mem> <  Peak Mem> (#Free/Alloc) :: [package.test_name]

Finished 34 tests in 12.531568ms. All tests were successful.

PASS unit tests (-o:speed)
[INFO ] --- [2026-09-22 08:28:27] Starting test runner with 16 threads. Set with -define:ODIN_TEST_THREADS=n.
[INFO ] --- [2026-09-22 08:28:27] The random seed sent to every test is: 17661491964744480. Set with -define:ODIN_TEST_RANDOM_SEED=n.
[INFO ] --- [2026-09-22 08:28:27] Memory tracking is enabled. Tests will log their memory usage if there's an issue.
[INFO ] --- [2026-09-22 08:28:27] < Final Mem/ Total Mem> <  Peak Mem> (#Free/Alloc) :: [package.test_name]

Finished 79 tests in 8.137434ms. All tests were successful.

PASS pinned upstream tests (-o:speed)
PASS compile-fail zero_window
PASS compile-fail zero_chunk
PASS compile-fail window_not_power_of_two
PASS compile-fail chunk_exceeds_window
PASS compile-fail zero_members
PASS compile-fail too_many_members
PASS durability messages_before_confirm -debug
PASS durability reset_before_confirm -debug
PASS durability correct_order -debug
PASS durability zero_value_is_ready -debug
PASS durability messages_before_confirm -o:speed
PASS durability reset_before_confirm -o:speed
PASS durability correct_order -o:speed
PASS durability zero_value_is_ready -o:speed
PASS 30 simulations across 1, 3, and 5 nodes (150000 fault steps)
=================================================================
  SQLODIN MULTI-MASTER REPLICATION DEMO
=================================================================
Active nodes: 3 (Decentralized Multi-Master)
Consensus: Rotating Slot Ownership (in-process demonstration)

-> Node 1 inserts document into FTS5 index (Slot 1)...
-> Node 2 inserts document into FTS5 index (Slot 2)...
-> Node 3 inserts embedding into vec0 index (Slot 3)...

All 3 slots committed across quorum without remote leader hops!

[Node 3] Full-Text Search for 'consensus':
  Found 1 matching document(s).

[Node 1] Vector Similarity Search (KNN float[4]):
  Found 1 nearest vector match(es).

[Node 2] Read-Your-Writes Watermark Read (Watermark Slot 2):
  Consistent read satisfied at watermark: 2 row(s).

=================================================================
  DEMO COMPLETE: Deterministic convergence verified.
=================================================================
PASS multi-master vector/FTS search example
PASS benchmark smoke and six JSON profiles
PASS CLI propagates subprocess failure with recovery hint
All SQLodin checks passed.
