{
  "operations": 10000,
  "reads": 6951,
  "writes": 3049,
  "seconds": 242.30867817625403,
  "operations_per_second": 41.26967335741089,
  "voter_cpu_seconds_timed": 91.03,
  "controller_boundary": "closed-loop waves, at most 12 writes or 3 fenced reads outstanding",
  "read_latency_ms": {
    "p50": 42.758346535265446,
    "p95": 76.84268150478601,
    "p99": 97.53805957734585
  },
  "write_latency_ms": {
    "p50": 92.83341281116009,
    "p95": 172.02718369662762,
    "p99": 211.89684513956308
  },
  "verified_transfers_including_fault_phases": 3071,
  "peak_rss_bytes_per_voter": [
    11239424,
    10792960,
    11673600
  ],
  "checks": [
    "mixed_transactions_indexes_triggers_foreign_keys_all_voters",
    "fresh_ordered_read_barrier_on_every_voter",
    "all_processes_sigkill_uncertain_retry_other_master",
    "acknowledged_retry_other_master_after_restart",
    "minority_cannot_complete_fenced_read",
    "minority_no_ack_heal_retry",
    "restarted_stale_voter_fenced_read_observes_acknowledged_writes",
    "surviving_quorum_writes_offline_voter_catchup",
    "all_acknowledged_transactions_survive_final_sigkill"
  ]
}
